// Jest Snapshot v1, https://goo.gl/fbAQLP

exports[`Test PostItem component should render 1`] = `
Object {
  "asFragment": [Function],
  "baseElement": <body>
    <div>
      <div
        class="py-1 cursor-pointer hover:bg-[#e3e1d2] bg-[#F0EABE] text-gray-600 w-[100%] mb-1 post-item rounded-md shadow-lg font-medium"
        id="1"
      >
        <div
          class="px-6 py-4 m-2"
        >
          <div
            class="font-bold text-l"
          >
            <span
              class="m-2"
              id="title1"
            >
              (
              1
              ). 
              sunt aut facere repellat provident occaecati excepturi optio reprehenderit
            </span>
          </div>
          <p
            class="m-2 hidden md:flex"
            id="body1"
          >
            quia et suscipit
suscipit recusandae consequuntur expedita et cum
reprehenderit mo...
          </p>
        </div>
      </div>
      <div
        class="py-1 cursor-pointer hover:bg-[#e3e1d2] bg-[#F0EABE] text-gray-600 w-[100%] mb-1 post-item rounded-md shadow-lg font-medium"
        id="2"
      >
        <div
          class="px-6 py-4 m-2"
        >
          <div
            class="font-bold text-l"
          >
            <span
              class="m-2"
              id="title2"
            >
              (
              2
              ). 
              qui est esse
            </span>
          </div>
          <p
            class="m-2 hidden md:flex"
            id="body2"
          >
            est rerum tempore vitae
sequi sint nihil reprehenderit dolor beatae ea dolores neq...
          </p>
        </div>
      </div>
    </div>
  </body>,
  "container": <div>
    <div
      class="py-1 cursor-pointer hover:bg-[#e3e1d2] bg-[#F0EABE] text-gray-600 w-[100%] mb-1 post-item rounded-md shadow-lg font-medium"
      id="1"
    >
      <div
        class="px-6 py-4 m-2"
      >
        <div
          class="font-bold text-l"
        >
          <span
            class="m-2"
            id="title1"
          >
            (
            1
            ). 
            sunt aut facere repellat provident occaecati excepturi optio reprehenderit
          </span>
        </div>
        <p
          class="m-2 hidden md:flex"
          id="body1"
        >
          quia et suscipit
suscipit recusandae consequuntur expedita et cum
reprehenderit mo...
        </p>
      </div>
    </div>
    <div
      class="py-1 cursor-pointer hover:bg-[#e3e1d2] bg-[#F0EABE] text-gray-600 w-[100%] mb-1 post-item rounded-md shadow-lg font-medium"
      id="2"
    >
      <div
        class="px-6 py-4 m-2"
      >
        <div
          class="font-bold text-l"
        >
          <span
            class="m-2"
            id="title2"
          >
            (
            2
            ). 
            qui est esse
          </span>
        </div>
        <p
          class="m-2 hidden md:flex"
          id="body2"
        >
          est rerum tempore vitae
sequi sint nihil reprehenderit dolor beatae ea dolores neq...
        </p>
      </div>
    </div>
  </div>,
  "debug": [Function],
  "findAllByAltText": [Function],
  "findAllByDisplayValue": [Function],
  "findAllByLabelText": [Function],
  "findAllByPlaceholderText": [Function],
  "findAllByRole": [Function],
  "findAllByTestId": [Function],
  "findAllByText": [Function],
  "findAllByTitle": [Function],
  "findByAltText": [Function],
  "findByDisplayValue": [Function],
  "findByLabelText": [Function],
  "findByPlaceholderText": [Function],
  "findByRole": [Function],
  "findByTestId": [Function],
  "findByText": [Function],
  "findByTitle": [Function],
  "getAllByAltText": [Function],
  "getAllByDisplayValue": [Function],
  "getAllByLabelText": [Function],
  "getAllByPlaceholderText": [Function],
  "getAllByRole": [Function],
  "getAllByTestId": [Function],
  "getAllByText": [Function],
  "getAllByTitle": [Function],
  "getByAltText": [Function],
  "getByDisplayValue": [Function],
  "getByLabelText": [Function],
  "getByPlaceholderText": [Function],
  "getByRole": [Function],
  "getByTestId": [Function],
  "getByText": [Function],
  "getByTitle": [Function],
  "queryAllByAltText": [Function],
  "queryAllByDisplayValue": [Function],
  "queryAllByLabelText": [Function],
  "queryAllByPlaceholderText": [Function],
  "queryAllByRole": [Function],
  "queryAllByTestId": [Function],
  "queryAllByText": [Function],
  "queryAllByTitle": [Function],
  "queryByAltText": [Function],
  "queryByDisplayValue": [Function],
  "queryByLabelText": [Function],
  "queryByPlaceholderText": [Function],
  "queryByRole": [Function],
  "queryByTestId": [Function],
  "queryByText": [Function],
  "queryByTitle": [Function],
  "rerender": [Function],
  "unmount": [Function],
}
`;
