// Jest Snapshot v1, https://goo.gl/fbAQLP

exports[`Test Posts component should render 1`] = `
Object {
  "asFragment": [Function],
  "baseElement": <body>
    <div>
      <div
        class="w-full h-[600px] mb-3"
      >
        <h1
          class="text-center text-3xl text-gray-600 font-bold"
          id="pageHeader"
        >
          Posts (0)
        </h1>
        <div
          class="m-3"
        >
          <div>
            <div
              class="w-full mx-auto text-center"
            >
              <div
                class="MuiInputBase-root MuiInput-root MuiInput-underline form-input w-[100%] md:w-[50%]"
                data-testid="searchBar"
              >
                <input
                  class="MuiInputBase-input MuiInput-input"
                  id="searchBar"
                  name="searchItem"
                  placeholder="Search posts by title"
                  type="text"
                  value=""
                />
              </div>
            </div>
          </div>
          <div
            class="m-3"
          />
          <div
            class="overflow-y-scroll h-[700px] md:grid md:grid-cols-4"
            id="postItems"
          />
        </div>
      </div>
    </div>
  </body>,
  "container": <div>
    <div
      class="w-full h-[600px] mb-3"
    >
      <h1
        class="text-center text-3xl text-gray-600 font-bold"
        id="pageHeader"
      >
        Posts (0)
      </h1>
      <div
        class="m-3"
      >
        <div>
          <div
            class="w-full mx-auto text-center"
          >
            <div
              class="MuiInputBase-root MuiInput-root MuiInput-underline form-input w-[100%] md:w-[50%]"
              data-testid="searchBar"
            >
              <input
                class="MuiInputBase-input MuiInput-input"
                id="searchBar"
                name="searchItem"
                placeholder="Search posts by title"
                type="text"
                value=""
              />
            </div>
          </div>
        </div>
        <div
          class="m-3"
        />
        <div
          class="overflow-y-scroll h-[700px] md:grid md:grid-cols-4"
          id="postItems"
        />
      </div>
    </div>
  </div>,
  "debug": [Function],
  "findAllByAltText": [Function],
  "findAllByDisplayValue": [Function],
  "findAllByLabelText": [Function],
  "findAllByPlaceholderText": [Function],
  "findAllByRole": [Function],
  "findAllByTestId": [Function],
  "findAllByText": [Function],
  "findAllByTitle": [Function],
  "findByAltText": [Function],
  "findByDisplayValue": [Function],
  "findByLabelText": [Function],
  "findByPlaceholderText": [Function],
  "findByRole": [Function],
  "findByTestId": [Function],
  "findByText": [Function],
  "findByTitle": [Function],
  "getAllByAltText": [Function],
  "getAllByDisplayValue": [Function],
  "getAllByLabelText": [Function],
  "getAllByPlaceholderText": [Function],
  "getAllByRole": [Function],
  "getAllByTestId": [Function],
  "getAllByText": [Function],
  "getAllByTitle": [Function],
  "getByAltText": [Function],
  "getByDisplayValue": [Function],
  "getByLabelText": [Function],
  "getByPlaceholderText": [Function],
  "getByRole": [Function],
  "getByTestId": [Function],
  "getByText": [Function],
  "getByTitle": [Function],
  "queryAllByAltText": [Function],
  "queryAllByDisplayValue": [Function],
  "queryAllByLabelText": [Function],
  "queryAllByPlaceholderText": [Function],
  "queryAllByRole": [Function],
  "queryAllByTestId": [Function],
  "queryAllByText": [Function],
  "queryAllByTitle": [Function],
  "queryByAltText": [Function],
  "queryByDisplayValue": [Function],
  "queryByLabelText": [Function],
  "queryByPlaceholderText": [Function],
  "queryByRole": [Function],
  "queryByTestId": [Function],
  "queryByText": [Function],
  "queryByTitle": [Function],
  "rerender": [Function],
  "unmount": [Function],
}
`;
